slide  9 laster opp 9.8 MB ...
          -> 1JFoSPK6pePFpof5Mvhf7-CxyxwBCWFK5 (offentlig)
slide 17 laster opp 6.8 MB ...
          -> 1llWv3RJHOyxpL3DLRvHT9fpY1Kq77ylE (offentlig)
slide 22 laster opp 25.9 MB ...
          -> 13Hls-pfIxkuda6i5IZInLAKvexBN9_lL (offentlig)
slide 32 laster opp 15.1 MB ...
          -> 1tx6GCg16tNvUfjK_CqaK1jEYQvvbL6LU (offentlig)
slide 33 laster opp 2.9 MB ...
          -> 14FLByb8pzqQBfcu_RsLjxcKNMQkQGr_N (offentlig)
slide 39 laster opp 6.5 MB ...
          -> 1m3HnKjqheScFFxK1uwfEfhEVf7E_8tyQ (offentlig)
slide 40 laster opp 8.1 MB ...
          -> 1Pow-QZrVx9oJd2lUZIDeZ5Fh-T26XuHq (offentlig)
slide 41 laster opp 7.5 MB ...
          -> 1x-LA65bXelWnuIOFhK0wwQqog79hbD6L (offentlig)
slide 42 laster opp 4.8 MB ...
          -> 1YAPKCnM6DANl5j_0QZZPXu0y0_Bcy3Vc (offentlig)
slide 43 laster opp 15.7 MB ...
          -> 12_q-MRYpbwhaIgmGUfILbJwoqHmd081r (offentlig)
slide 44 laster opp 5.6 MB ...
          -> 15MPvPShTkf3kFq8YGGaZwfgo-4aJqDDv (offentlig)
slide 45 laster opp 5.4 MB ...
          -> 1uOOcl7qSil9Xk8-c9_H3MiR45vt-hvQa (offentlig)
slide 48 laster opp 4.0 MB ...
          -> 1g7VmJPBNm3tpKAvzMXUhxQ3ftDXTJLqo (offentlig)
slide 50 finnes allerede: 1Z7RH2ZsbSdd8sogXxRph1LunsarlUcZB
ferdig: 14 av 14 klipp i Drive
